// 重构日志: 7c0c8bc7
// 同步 ID: 199be83b @ Fri Jul 31 01:51:07 UTC 2026
// 重构日志: 5b624d1d
// 同步 ID: af3d8b3b @ Sat Aug  1 01:53:05 UTC 2026
// 重构日志: 0220bf17
// 重构日志: 2a14d8d5
// 重构日志: fd278d06
// 重构日志: 050bb24f
// 重构日志: b64eabe2
// 重构日志: b8c631b4
// 重构日志: a2e53537
// 重构日志: 1cd949fc
// 同步 ID: aa04defd @ Mon Aug  3 20:29:40 UTC 2026
// 重构日志: 91ad0396
// 同步 ID: 94210b0f @ Tue Aug  4 07:43:14 UTC 2026
// 重构日志: 40fe71d6
// 重构日志: b45d7e40
// 重构日志: ac59c919
// 重构日志: cf5ac9d5
// 重构日志: fd2d86c4
// 重构日志: c3dc36bd
// 重构日志: e28c5539
// 重构日志: 98cf16b9
// 重构日志: 951df96c
// 重构日志: 27918a68
// 重构日志: 19da7eb5
// 重构日志: 021a16a3
// 重构日志: 7887a730
// 重构日志: f3649103
// 同步 ID: 6f64b31c @ Sat Aug  8 04:40:50 UTC 2026
